
> react-typescript-starter@0.1.0 test
> react-scripts test

Browserslist: caniuse-lite is outdated. Please run:
  npx browserslist@latest --update-db
  Why you should do it regularly: https://github.com/browserslist/browserslist#browsers-data-updating
FAIL src/nested.test.ts
  ● Testing the Question[] functions › Testing the editOption function

    expect(received).toEqual(expected) // deep equality

    - Expected  - 1
    + Received  + 1

    @@ -23,11 +23,11 @@
          "body": "Which of these is a color?",
          "expected": "red",
          "id": 5,
          "name": "Colors",
          "options": Array [
    -       "red",
    +       "newspaper",
            "apple",
            "newspaper",
          ],
          "points": 1,
          "published": true,

      1044 |         ]);
      1045 |
    > 1046 |         expect(editOption(SIMPLE_QUESTIONS, 5, 2, "newspaper")).toEqual([
           |                                                                 ^
      1047 |             {
      1048 |                 id: 1,
      1049 |                 name: "Addition",

      at Object.<anonymous> (src/nested.test.ts:1046:65)

PASS src/arrays.test.ts
PASS src/objects.test.ts
PASS src/HtmlCss.test.tsx
PASS src/functions.test.ts
PASS src/text.test.tsx
PASS src/App.test.tsx
----------------|---------|----------|---------|---------|-------------------
File            | % Stmts | % Branch | % Funcs | % Lines | Uncovered Line #s 
----------------|---------|----------|---------|---------|-------------------
All files       |   99.02 |      100 |   98.63 |     100 |                   
 src            |   99.02 |      100 |   98.63 |     100 |                   
  App.tsx       |     100 |      100 |     100 |     100 |                   
  arrays.ts     |   97.22 |      100 |   95.83 |     100 |                   
  functions.ts  |     100 |      100 |     100 |     100 |                   
  nested.ts     |     100 |      100 |     100 |     100 |                   
  objects.ts    |     100 |      100 |     100 |     100 |                   
 src/interfaces |       0 |        0 |       0 |       0 |                   
  answer.ts     |       0 |        0 |       0 |       0 |                   
  question.ts   |       0 |        0 |       0 |       0 |                   
----------------|---------|----------|---------|---------|-------------------

Test Suites: 1 failed, 6 passed, 7 total
Tests:       1 failed, 48 passed, 49 total
Snapshots:   0 total
Time:        4.826 s
Ran all test suites.
